{
  "resourceType" : "Encounter",
  "id" : "1",
  "meta" : {
    "lastUpdated" : "2024-12-24T09:01:00+11:00"
  },
  "identifier:" : [
    {
      "system" : "https://github.com/projectcypress/cypress/encounter",
      "value" : "1"
    }
  ],
  "status" : "finished",
  "period" : [
    {
      "start" : "2024-04-13",
      "end" : "2024-05-15"
    }
  ],
  "serviceType" : {
    "coding" : [
      {
        "system" : "http://snomed.info/sct",
        "code" : "73761001"
      }
    ]
  }
}
