{
  "resourceType" : "MedicationStatement",
  "id" : "Mixed",
  "language" : "ar",
  "status" : "completed",
  "subject" : {
    "reference" : "Patient/47234"
  },
  "context" : {
    "reference" : "Encounter/1"
  },
  "dateAsserted" : "2024-04-13"
}