{
  "resourceType" : "Observation",
  "id" : "Mixed",
  "language" : "ar",
  "identifier" : [{
    "system" : "https://example.org/fhir/sid/test-lab-results",
    "value" : "59826-8_1234567890"
  }],
  "basedOn" : [{
    "reference" : "CarePlan/6e4d3a43-6642-4a0b-9b67-48c29af581a9"
  }],
  "partOf" : [{
    "reference" : "MedicationAdministration/6e4d3a43-6642-4a0b-9b67-48c29af581a9"
  }],
  "status" : "registered",
  "category" : [{
    "coding" : [{
      "system" : "http://terminology.hl7.org/CodeSystem/observation-category",
      "code" : "vital-signs"
    }]
  }],
  "code" : {
    "coding" : [{
      "system" : "http://loinc.org",
      "code" : "85354-9"
    }],
    "text" : "Mixed"
  },
  "subject" : {
    "reference" : "Patient/6e4d3a43-6642-4a0b-9b67-48c29af581a9"
  },
  "focus" : [{
    "reference" : "Account/6e4d3a43-6642-4a0b-9b67-48c29af581a9"
  }],
  "encounter" : {
    "reference" : "Encounter/6e4d3a43-6642-4a0b-9b67-48c29af581a9"
  },
  "effectiveDateTime" : "2018-11-01",
  "performer" : [{
    "reference" : "Practitioner/6e4d3a43-6642-4a0b-9b67-48c29af581a9"
  }],
  "dataAbsentReason" : {
    "coding" : [{
      "system" : "http://terminology.hl7.org/CodeSystem/data-absent-reason",
      "code" : "unknown"
    }]
  },
  "interpretation" : [{
    "coding" : [{
      "system" : "http://terminology.hl7.org/CodeSystem/v3-ObservationInterpretation",
      "code" : "CAR"
    }]
  }],
  "note" : [{
    "time" : "2023-03-02T11:20:00+01:00",
    "text" : "mit Schuhen gemessen"
  }],
  "bodySite" : {
    "coding" : [{
      "system" : "http://snomed.info/sct",
      "code" : "442083009"
    }]
  },
  "method" : {
    "coding" : [{
      "system" : "http://snomed.info/sct",
      "code" : "272394005"
    }]
  },
  "specimen" : {
    "reference" : "Specimen/6e4d3a43-6642-4a0b-9b67-48c29af581a9"
  },
  "device" : {
    "reference" : "Device/6e4d3a43-6642-4a0b-9b67-48c29af581a9"
  },
  "referenceRange" : [{
    "low" : {
      "value" : 4.078
    },
    "high" : {
      "value" : 11.370
    },
    "type" : {
      "coding" : [{
        "system" : "http://terminology.hl7.org/CodeSystem/referencerange-meaning",
        "code" : "type"
      }]
    },
    "appliesTo" : [{
      "coding" : [{
        "system" : "http://terminology.hl7.org/CodeSystem/v3-Race",
        "code" : "1002-5"
      }]
    }],
    "age" : {
      "low" : {
        "value" : 1000000,
        "unit" : "CFU/ml",
        "system" : "http://unitsofmeasure.org",
        "code" : "[CFU]/mL"
      },
      "high" : {
        "value" : 1000000,
        "unit" : "CFU/ml",
        "system" : "http://unitsofmeasure.org",
        "code" : "[CFU]/mL"
      }
    },
    "text" : "Normalwerte 90 - 120 ml/min/1,73m2 bei MÃ¤nnern"
  }],
  "hasMember" : [{
    "reference" : "QuestionnaireResponse/6e4d3a43-6642-4a0b-9b67-48c29af581a9"
  }],
  "derivedFrom" : [{
    "reference" : "DocumentReference/6e4d3a43-6642-4a0b-9b67-48c29af581a9"
  }],
  "component" : [{
    "code" : {
      "coding" : [{
        "system" : "http://loinc.org",
        "code" : "8480-6"
      }],
      "text" : "Mixed"
    },
    "valueQuantity" : {
      "value" : 1000000,
      "unit" : "CFU/ml",
      "system" : "http://unitsofmeasure.org",
      "code" : "mm[Hg]"
    }
  },
  {
    "code" : {
      "coding" : [{
        "system" : "http://loinc.org",
        "code" : "8462-4"
      }],
      "text" : "Mixed"
    },
    "valueQuantity" : {
      "value" : 1000000,
      "unit" : "CFU/ml",
      "system" : "http://unitsofmeasure.org",
      "code" : "mm[Hg]"
    }
  }]
}