{
  "resourceType" : "Observation",
  "id" : "Mixed",
  "language" : "ar",
  "status" : "registered",
  "category" : [{
    "coding" : [{
      "system" : "http://terminology.hl7.org/CodeSystem/observation-category",
      "code" : "vital-signs"
    }]
  }],
  "code" : {
    "coding" : [{
      "system" : "http://loinc.org",
      "code" : "29463-7"
    }]
  },
  "subject" : {
    "reference" : "Patient/47234"
  },
  "encounter" : {
    "reference" : "Encounter/1"
  },
  "effectiveDateTime" : "2024-04-13",
  "valueQuantity" : {
    "value" : 65,
    "unit" : "kg",
    "system" : "http://unitsofmeasure.org",
    "code" : "kg"
  }
}