{
  "resourceType" : "Patient",
  "id" : "47234",
  "language" : "ar",
  "identifier" : [{
    "system" : "http://acme.org/identifiers/Patient",
    "value" : "47234"
  }],
  "active" : true,
  "name" : [{
    "family" : "Smith",
    "given" : ["Jeff"]
  }],
  "telecom" : [{
    "system" : "phone",
    "value" : "555-555-5555",
    "use" : "home"
  }],
  "gender" : "male",
  "birthDate" : "1968-05-04",
  "communication" : [{
    "language" : {
      "coding" : [{
        "system" : "urn:ietf:bcp:47",
        "code" : "ar"
      }]
    },
    "preferred" : true
  }],
  "managingOrganization" : {
    "reference" : "Organization/1"
  }
}